USER         PID %CPU %MEM    VSZ   RSS TTY      STAT START   TIME COMMAND
cmpt201        1  0.0  0.0  13916  6232 pts/0    Ss+  Sep14   0:00 zsh --login
cmpt201       37  0.0  0.0   2392  1520 pts/1    Ss+  Sep14   0:00 /bin/sh
cmpt201       90  0.0  0.1  18932  9544 pts/2    Ss   Sep14   0:31 zsh
cmpt201    21467  0.0  0.0  14208  6508 pts/3    Ss   Sep17   0:00 zsh --login
cmpt201    21601  0.0  0.0  10268  2920 pts/3    S+   Sep17   0:00 man 3 printf
cmpt201    21611  0.0  0.0   8336  2520 pts/3    S+   Sep17   0:00 less
cmpt201    22840  0.0  0.0  10964  5192 pts/5    Ss   Sep17   0:00 bash
cmpt201    22940  0.0  0.0  10508  3076 pts/5    S+   Sep17   0:00 man getline
cmpt201    22950  0.0  0.0   8336  2516 pts/5    S+   Sep17   0:00 pager
cmpt201    23047  0.0  0.0  14208  6516 pts/6    Ss   Sep17   0:00 zsh
cmpt201    23234  0.0  0.0  10268  2888 pts/6    S+   Sep17   0:00 man 3 strtok_r
cmpt201    23244  0.0  0.0   8336  2532 pts/6    S+   Sep17   0:00 less
cmpt201    23346  0.0  0.0  17544  7252 pts/7    Ss   Sep17   0:00 zsh
cmpt201    23607  0.0  0.0   2800  1820 pts/7    S+   Sep17   0:00 /home/cmpt201/.local/bin/record
cmpt201    23608  0.0  0.2 108976 22640 pts/7    S+   Sep17   0:01 /home/cmpt201/.local/bin/record
cmpt201    23613  0.0  0.2 108240 22116 pts/7    Sl+  Sep17   0:00 /usr/bin/python3 /usr/bin/asciinema rec --idle-time-limit=60 --stdin --quiet /tmp/.record/input.7.2026-09-17T11:48:07.192585
cmpt201    23615  0.0  0.1  34416 16108 pts/7    S+   Sep17   0:00 /usr/bin/python3 /usr/bin/asciinema rec --idle-time-limit=60 --stdin --quiet /tmp/.record/input.7.2026-09-17T11:48:07.192585
cmpt201    23616  0.0  0.2  34428 16740 pts/7    S+   Sep17   0:00 /usr/bin/python3 /usr/bin/asciinema rec --idle-time-limit=60 --stdin --quiet /tmp/.record/input.7.2026-09-17T11:48:07.192585
cmpt201    23617  0.0  0.0   2392  1584 pts/8    Ss   Sep17   0:00 sh -c /usr/bin/zsh
cmpt201    23618  0.0  0.1  18644  8764 pts/8    S+   Sep17   0:01 /usr/bin/zsh
cmpt201    25155  0.0  0.0   2800  1828 pts/2    S+   01:05   0:00 /home/cmpt201/.local/bin/record
cmpt201    25156  0.0  0.2 109312 22500 pts/2    S+   01:05   0:00 /home/cmpt201/.local/bin/record
cmpt201    25850  0.0  0.0  13232  4156 pts/2    R+   12:28   0:00 ps aux
