USER         PID %CPU %MEM    VSZ   RSS TTY      STAT START   TIME COMMAND
cmpt201        1  0.0  0.0  13916  6232 pts/0    Ss+  Sep14   0:00 zsh --login
cmpt201       37  0.0  0.0   2392  1520 pts/1    Ss+  Sep14   0:00 /bin/sh
cmpt201       90  0.0  0.1  18932  9544 pts/2    Ss   Sep14   0:31 zsh
cmpt201    21467  0.0  0.0  14208  6508 pts/3    Ss   Sep16   0:00 zsh --login
cmpt201    21601  0.0  0.0  10268  2920 pts/3    S+   Sep16   0:00 man 3 printf
cmpt201    21611  0.0  0.0   8336  2520 pts/3    S+   Sep16   0:00 less
cmpt201    22710  0.0  0.0   2800  1804 pts/2    S+   10:25   0:00 /home/cmpt201/.local/bin/record
cmpt201    22711  0.0  0.2 108992 22632 pts/2    Sl+  10:25   0:01 /home/cmpt201/.local/bin/record
cmpt201    22716  0.0  0.2 108240 22228 pts/2    Sl+  10:25   0:00 /usr/bin/python3 /usr/bin/asciinema rec --idle-time-limit=60 --stdin --quiet /tmp/.record/input.2.2026-09-17T07:54:51.428133
cmpt201    22718  0.0  0.1  34416 16084 pts/2    S+   10:25   0:00 /usr/bin/python3 /usr/bin/asciinema rec --idle-time-limit=60 --stdin --quiet /tmp/.record/input.2.2026-09-17T07:54:51.428133
cmpt201    22719  0.0  0.2  34704 16936 pts/2    S+   10:25   0:00 /usr/bin/python3 /usr/bin/asciinema rec --idle-time-limit=60 --stdin --quiet /tmp/.record/input.2.2026-09-17T07:54:51.428133
cmpt201    22720  0.0  0.0   2392  1584 pts/4    Ss   10:25   0:00 sh -c /usr/bin/zsh
cmpt201    22721  0.0  0.0  14196  6508 pts/4    S    10:25   0:00 /usr/bin/zsh
cmpt201    22840  0.0  0.0  10964  5192 pts/5    Ss   10:27   0:00 bash
cmpt201    22940  0.0  0.0  10508  3076 pts/5    S+   10:29   0:00 man getline
cmpt201    22950  0.0  0.0   8336  2516 pts/5    S+   10:29   0:00 pager
cmpt201    22963  0.0  0.0  16392  8092 pts/4    S+   10:35   0:00 /usr/bin/nvim lab1.c
cmpt201    22966  0.0  0.2  26888 20072 ?        Ss   10:35   0:02 /usr/bin/nvim --embed lab1.c
cmpt201    23047  0.0  0.0  14208  6516 pts/6    Ss   10:58   0:00 zsh
cmpt201    23234  0.0  0.0  10268  2888 pts/6    S+   10:59   0:00 man 3 strtok_r
cmpt201    23244  0.0  0.0   8336  2532 pts/6    S+   10:59   0:00 less
cmpt201    23346  0.5  0.0  17544  7252 pts/7    Ss   11:46   0:00 zsh
cmpt201    23607 54.5  0.0   2800  1816 pts/7    S+   11:48   0:00 /home/cmpt201/.local/bin/record
cmpt201    23608 50.0  0.2 108976 22212 pts/7    S+   11:48   0:00 /home/cmpt201/.local/bin/record
cmpt201    23611  0.0  0.0  13232  4156 pts/7    R+   11:48   0:00 ps aux
