USER         PID %CPU %MEM    VSZ   RSS TTY      STAT START   TIME COMMAND
cmpt201        1  0.0  0.0  17692  7516 pts/0    Ss+  15:18   0:00 zsh --login
cmpt201      382  0.0  0.0  14292  6632 pts/1    Ss   15:26   0:00 zsh --login
cmpt201      503  0.0  0.5 1298396 48672 pts/1   Sl+  15:26   0:01 gh auth login -p ssh -w
cmpt201      558  0.0  0.0  14216  6520 pts/2    Ss+  19:10   0:00 zsh
cmpt201      846  0.0  0.0  14440  6816 pts/3    Ss+  20:33   0:00 zsh
cmpt201      954  0.0  0.0  14232  6536 pts/4    Ss   20:41   0:00 zsh
cmpt201     1282  0.0  0.0   2800  1824 pts/4    S+   20:51   0:00 /home/cmpt201/.local/bin/record
cmpt201     1283  0.0  0.2 108992 22244 pts/4    Sl+  20:51   0:00 /home/cmpt201/.local/bin/record
cmpt201     1288  0.0  0.2 108240 22132 pts/4    Sl+  20:51   0:00 /usr/bin/python3 /usr/bin/asciinema rec --idle-time-limit=60 --stdin --quiet /tmp/.record/input.4.2026-09-10T20:51:59.921218
cmpt201     1290  0.0  0.1  34416 16092 pts/4    S+   20:51   0:00 /usr/bin/python3 /usr/bin/asciinema rec --idle-time-limit=60 --stdin --quiet /tmp/.record/input.4.2026-09-10T20:51:59.921218
cmpt201     1291  0.0  0.2  34560 16772 pts/4    S+   20:51   0:00 /usr/bin/python3 /usr/bin/asciinema rec --idle-time-limit=60 --stdin --quiet /tmp/.record/input.4.2026-09-10T20:51:59.921218
cmpt201     1292  0.0  0.0   2392  1584 pts/5    Ss   20:51   0:00 sh -c /usr/bin/zsh
cmpt201     1293  0.0  0.0  14180  6488 pts/5    S    20:51   0:00 /usr/bin/zsh
cmpt201     1550  0.0  0.0  16392  8068 pts/5    S+   20:53   0:00 /usr/bin/nvim lab0.c
cmpt201     1553  0.1  0.2  25300 18556 ?        Ss   20:53   0:00 /usr/bin/nvim --embed lab0.c
cmpt201     1595  0.7  0.0  17408  7264 pts/6    Ss   20:59   0:00 zsh
cmpt201     1764 53.8  0.0   2800  1812 pts/6    S+   20:59   0:00 /home/cmpt201/.local/bin/record
cmpt201     1765 75.0  0.2 108976 22196 pts/6    S+   20:59   0:00 /home/cmpt201/.local/bin/record
cmpt201     1768  0.0  0.0  13232  4136 pts/6    R+   20:59   0:00 ps aux
